


https://git-scm.com/download/win

To get the version:
git --version

To check the status:
git status 

to initalize a local repository:
git init 

To push to the github account:
git config --global user.name “firstname lastname”
git config --global user.email “valid-email”


git config --global user.name “sandesh-github”
git config --global user.email “sadeshi2@gmail.com”



C:\Users\sgot0001\synchronoss_documents\Automation\git_test>git config -l
diff.astextplain.textconv=astextplain
filter.lfs.clean=git-lfs clean -- %f
filter.lfs.smudge=git-lfs smudge -- %f
filter.lfs.process=git-lfs filter-process
filter.lfs.required=true
http.sslbackend=openssl
http.sslcainfo=C:/Program Files/Git/mingw64/ssl/certs/ca-bundle.crt
core.autocrlf=true
core.fscache=true
core.symlinks=false
pull.rebase=false
credential.helper=manager-core
credential.https://dev.azure.com.usehttppath=true
init.defaultbranch=master
user.name=sandesh-github
user.email=sadeshi2@gmail.com
core.repositoryformatversion=0
core.filemode=false
core.bare=false
core.logallrefupdates=true
core.symlinks=false
core.ignorecase=true


create a test file / script:
C:\Users\sgot0001\synchronoss_documents\Automation\git_test>nul > test_Script.txt
Access is denied.

C:\Users\sgot0001\synchronoss_documents\Automation\git_test>dir
 Volume in drive C is Windows
 Volume Serial Number is AE2D-E440

 Directory of C:\Users\sgot0001\synchronoss_documents\Automation\git_test

04/10/2022  06:34 PM    <DIR>          .
04/10/2022  06:34 PM    <DIR>          ..
04/10/2022  06:34 PM                 0 test_Script.txt
               1 File(s)              0 bytes
               2 Dir(s)  117,317,832,704 bytes free


adding the script to GIT local repository:

C:\Users\sgot0001\synchronoss_documents\Automation\git_test>git add test_Script.txt

C:\Users\sgot0001\synchronoss_documents\Automation\git_test>git status
On branch master

No commits yet

Changes to be committed:
  (use "git rm --cached <file>..." to unstage)
        new file:   test_Script.txt


Commiting the script to the local repostory:

C:\Users\sgot0001\synchronoss_documents\Automation\git_test>git commit -m 'pushing the first test script'
error: pathspec 'the' did not match any file(s) known to git
error: pathspec 'first' did not match any file(s) known to git
error: pathspec 'test' did not match any file(s) known to git
error: pathspec 'script'' did not match any file(s) known to git

C:\Users\sgot0001\synchronoss_documents\Automation\git_test>git commit -m "pushing the first test script"
[master (root-commit) 809e5c0] pushing the first test script
 1 file changed, 0 insertions(+), 0 deletions(-)
 create mode 100644 test_Script.txt

C:\Users\sgot0001\synchronoss_documents\Automation\git_test>git status
On branch master
nothing to commit, working tree clean

C:\Users\sgot0001\synchronoss_documents\Automation\git_test>


If you want to add all the files in the directory to your local repository:

C:\Users\sgot0001\synchronoss_documents\Automation\git_test>git add --all

C:\Users\sgot0001\synchronoss_documents\Automation\git_test>


Git branch details:
C:\Users\sgot0001\synchronoss_documents\Automation\git_test>git branch
* master



To push the files from local repository to remote repository on github:


C:\Users\sgot0001\synchronoss_documents\Automation\git_test>git remote add origin https://github.com/sandesh-github/automation_test.git

C:\Users\sgot0001\synchronoss_documents\Automation\git_test>dir
 Volume in drive C is Windows
 Volume Serial Number is AE2D-E440

 Directory of C:\Users\sgot0001\synchronoss_documents\Automation\git_test

04/10/2022  06:34 PM    <DIR>          .
04/10/2022  06:34 PM    <DIR>          ..
04/10/2022  06:34 PM                 0 test_Script.txt
               1 File(s)              0 bytes
               2 Dir(s)  117,311,086,592 bytes free

C:\Users\sgot0001\synchronoss_documents\Automation\git_test>git remote add origin https://github.com/sandesh-github/automation_test.git
error: remote origin already exists.

C:\Users\sgot0001\synchronoss_documents\Automation\git_test>git status
On branch master
nothing to commit, working tree clean

C:\Users\sgot0001\synchronoss_documents\Automation\git_test>git push -u origin master
info: please complete authentication in your browser...
Enumerating objects: 3, done.
Counting objects: 100% (3/3), done.
Writing objects: 100% (3/3), 230 bytes | 57.00 KiB/s, done.
Total 3 (delta 0), reused 0 (delta 0), pack-reused 0
To https://github.com/sandesh-github/automation_test.git
 * [new branch]      master -> master
branch 'master' set up to track 'origin/master'.

C:\Users\sgot0001\synchronoss_documents\Automation\git_test>


pushing the new addition from local to remote github repository:


C:\Users\sgot0001\synchronoss_documents\Automation\git_test>git status
On branch master
Your branch is up to date with 'origin/master'.

Changes not staged for commit:
  (use "git add <file>..." to update what will be committed)
  (use "git restore <file>..." to discard changes in working directory)
        modified:   test_Script.txt

no changes added to commit (use "git add" and/or "git commit -a")

C:\Users\sgot0001\synchronoss_documents\Automation\git_test>git commit -m "commiting the changes made"
On branch master
Your branch is up to date with 'origin/master'.

Changes not staged for commit:
  (use "git add <file>..." to update what will be committed)
  (use "git restore <file>..." to discard changes in working directory)
        modified:   test_Script.txt

no changes added to commit (use "git add" and/or "git commit -a")

C:\Users\sgot0001\synchronoss_documents\Automation\git_test>git status
On branch master
Your branch is up to date with 'origin/master'.

Changes not staged for commit:
  (use "git add <file>..." to update what will be committed)
  (use "git restore <file>..." to discard changes in working directory)
        modified:   test_Script.txt

no changes added to commit (use "git add" and/or "git commit -a")

C:\Users\sgot0001\synchronoss_documents\Automation\git_test>git add -a
error: unknown switch `a'
usage: git add [<options>] [--] <pathspec>...

    -n, --dry-run         dry run
    -v, --verbose         be verbose

    -i, --interactive     interactive picking
    -p, --patch           select hunks interactively
    -e, --edit            edit current diff and apply
    -f, --force           allow adding otherwise ignored files
    -u, --update          update tracked files
    --renormalize         renormalize EOL of tracked files (implies -u)
    -N, --intent-to-add   record only the fact that the path will be added later
    -A, --all             add changes from all tracked and untracked files
    --ignore-removal      ignore paths removed in the working tree (same as --no-all)
    --refresh             don't add, only refresh the index
    --ignore-errors       just skip files which cannot be added because of errors
    --ignore-missing      check if - even missing - files are ignored in dry run
    --sparse              allow updating entries outside of the sparse-checkout cone
    --chmod (+|-)x        override the executable bit of the listed files
    --pathspec-from-file <file>
                          read pathspec from file
    --pathspec-file-nul   with --pathspec-from-file, pathspec elements are separated with NUL character


C:\Users\sgot0001\synchronoss_documents\Automation\git_test>git add -A

C:\Users\sgot0001\synchronoss_documents\Automation\git_test>git status
On branch master
Your branch is up to date with 'origin/master'.

Changes to be committed:
  (use "git restore --staged <file>..." to unstage)
        modified:   test_Script.txt


C:\Users\sgot0001\synchronoss_documents\Automation\git_test>git commit -m "commiting the changes made"
[master c858424] commiting the changes made
 1 file changed, 148 insertions(+)

C:\Users\sgot0001\synchronoss_documents\Automation\git_test>git status
On branch master
Your branch is ahead of 'origin/master' by 1 commit.
  (use "git push" to publish your local commits)

nothing to commit, working tree clean

C:\Users\sgot0001\synchronoss_documents\Automation\git_test>git push -u origin master
Enumerating objects: 5, done.
Counting objects: 100% (5/5), done.
Delta compression using up to 8 threads
Compressing objects: 100% (2/2), done.
Writing objects: 100% (3/3), 1.57 KiB | 1.57 MiB/s, done.
Total 3 (delta 0), reused 0 (delta 0), pack-reused 0
To https://github.com/sandesh-github/automation_test.git
   809e5c0..c858424  master -> master
branch 'master' set up to track 'origin/master'.

C:\Users\sgot0001\synchronoss_documents\Automation\git_test>


Testing few merge options



















